[    0.000000] Linux version 4.15.0-132-generic (buildd@lgw01-amd64-036) (gcc version 7.5.0 (Ubuntu 7.5.0-3ubuntu1~18.04)) #136-Ubuntu SMP Tue Jan 12 14:58:42 UTC 2021 (Ubuntu 4.15.0-132.136-generic 4.15.18)
[    0.000000] Command line: BOOT_IMAGE=/boot/vmlinuz-4.15.0-132-generic root=LABEL=cloudimg-rootfs ro console=tty1 console=ttyS0
[    0.000000] KERNEL supported cpus:
[    0.000000]   Intel GenuineIntel
[    0.000000]   AMD AuthenticAMD
[    0.000000]   Centaur CentaurHauls
[    0.000000] x86/fpu: Supporting XSAVE feature 0x001: 'x87 floating point registers'
[    0.000000] x86/fpu: Supporting XSAVE feature 0x002: 'SSE registers'
[    0.000000] x86/fpu: Supporting XSAVE feature 0x004: 'AVX registers'
[    0.000000] x86/fpu: xstate_offset[2]:  576, xstate_sizes[2]:  256
[    0.000000] x86/fpu: Enabled xstate features 0x7, context size is 832 bytes, using 'standard' format.
[    0.000000] e820: BIOS-provided physical RAM map:
[    0.000000] BIOS-e820: [mem 0x0000000000000000-0x000000000009fbff] usable
[    0.000000] BIOS-e820: [mem 0x000000000009fc00-0x000000000009ffff] reserved
[    0.000000] BIOS-e820: [mem 0x00000000000f0000-0x00000000000fffff] reserved
[    0.000000] BIOS-e820: [mem 0x0000000000100000-0x000000003ffeffff] usable
[    0.000000] BIOS-e820: [mem 0x000000003fff0000-0x000000003fffffff] ACPI data
[    0.000000] BIOS-e820: [mem 0x00000000fec00000-0x00000000fec00fff] reserved
[    0.000000] BIOS-e820: [mem 0x00000000fee00000-0x00000000fee00fff] reserved
[    0.000000] BIOS-e820: [mem 0x00000000fffc0000-0x00000000ffffffff] reserved
[    0.000000] NX (Execute Disable) protection: active
[    0.000000] SMBIOS 2.5 present.
[    0.000000] DMI: innotek GmbH VirtualBox/VirtualBox, BIOS VirtualBox 12/01/2006
[    0.000000] Hypervisor detected: KVM
[    0.000000] e820: last_pfn = 0x3fff0 max_arch_pfn = 0x400000000
[    0.000000] MTRR: Disabled
[    0.000000] x86/PAT: MTRRs disabled, skipping PAT initialization too.
[    0.000000] CPU MTRRs all blank - virtualized system.
[    0.000000] x86/PAT: Configuration [0-7]: WB  WT  UC- UC  WB  WT  UC- UC  
[    0.000000] found SMP MP-table at [mem 0x0009fff0-0x0009ffff]
[    0.000000] Scanning 1 areas for low memory corruption
[    0.000000] RAMDISK: [mem 0x35a65000-0x36d29fff]
[    0.000000] ACPI: Early table checksum verification disabled
[    0.000000] ACPI: RSDP 0x00000000000E0000 000024 (v02 VBOX  )
[    0.000000] ACPI: XSDT 0x000000003FFF0030 00003C (v01 VBOX   VBOXXSDT 00000001 ASL  00000061)
[    0.000000] ACPI: FACP 0x000000003FFF00F0 0000F4 (v04 VBOX   VBOXFACP 00000001 ASL  00000061)
[    0.000000] ACPI: DSDT 0x000000003FFF0470 002325 (v02 VBOX   VBOXBIOS 00000002 INTL 20100528)
[    0.000000] ACPI: FACS 0x000000003FFF0200 000040
[    0.000000] ACPI: FACS 0x000000003FFF0200 000040
[    0.000000] ACPI: APIC 0x000000003FFF0240 00005C (v02 VBOX   VBOXAPIC 00000001 ASL  00000061)
[    0.000000] ACPI: SSDT 0x000000003FFF02A0 0001CC (v01 VBOX   VBOXCPUT 00000002 INTL 20100528)
[    0.000000] No NUMA configuration found
[    0.000000] Faking a node at [mem 0x0000000000000000-0x000000003ffeffff]
[    0.000000] NODE_DATA(0) allocated [mem 0x3ffc5000-0x3ffeffff]
[    0.000000] kvm-clock: cpu 0, msr 0:3ff44001, primary cpu clock
[    0.000000] kvm-clock: Using msrs 4b564d01 and 4b564d00
[    0.000000] kvm-clock: using sched offset of 5351155035 cycles
[    0.000000] clocksource: kvm-clock: mask: 0xffffffffffffffff max_cycles: 0x1cd42e4dffb, max_idle_ns: 881590591483 ns
[    0.000000] Zone ranges:
[    0.000000]   DMA      [mem 0x0000000000001000-0x0000000000ffffff]
[    0.000000]   DMA32    [mem 0x0000000001000000-0x000000003ffeffff]
[    0.000000]   Normal   empty
[    0.000000]   Device   empty
[    0.000000] Movable zone start for each node
[    0.000000] Early memory node ranges
[    0.000000]   node   0: [mem 0x0000000000001000-0x000000000009efff]
[    0.000000]   node   0: [mem 0x0000000000100000-0x000000003ffeffff]
[    0.000000] Reserved but unavailable: 98 pages
[    0.000000] Initmem setup node 0 [mem 0x0000000000001000-0x000000003ffeffff]
[    0.000000] ACPI: PM-Timer IO Port: 0x4008
[    0.000000] IOAPIC[0]: apic_id 2, version 32, address 0xfec00000, GSI 0-23
[    0.000000] ACPI: INT_SRC_OVR (bus 0 bus_irq 0 global_irq 2 dfl dfl)
[    0.000000] ACPI: INT_SRC_OVR (bus 0 bus_irq 9 global_irq 9 low level)
[    0.000000] Using ACPI (MADT) for SMP configuration information
[    0.000000] smpboot: Allowing 2 CPUs, 0 hotplug CPUs
[    0.000000] PM: Registered nosave memory: [mem 0x00000000-0x00000fff]
[    0.000000] PM: Registered nosave memory: [mem 0x0009f000-0x0009ffff]
[    0.000000] PM: Registered nosave memory: [mem 0x000a0000-0x000effff]
[    0.000000] PM: Registered nosave memory: [mem 0x000f0000-0x000fffff]
[    0.000000] e820: [mem 0x40000000-0xfebfffff] available for PCI devices
[    0.000000] Booting paravirtualized kernel on KVM
[    0.000000] clocksource: refined-jiffies: mask: 0xffffffff max_cycles: 0xffffffff, max_idle_ns: 7645519600211568 ns
[    0.000000] random: get_random_bytes called from start_kernel+0x99/0x500 with crng_init=0
[    0.000000] setup_percpu: NR_CPUS:8192 nr_cpumask_bits:2 nr_cpu_ids:2 nr_node_ids:1
[    0.000000] percpu: Embedded 45 pages/cpu s147456 r8192 d28672 u1048576
[    0.000000] PV qspinlock hash table entries: 256 (order: 0, 4096 bytes)
[    0.000000] Built 1 zonelists, mobility grouping on.  Total pages: 257913
[    0.000000] Policy zone: DMA32
[    0.000000] Kernel command line: BOOT_IMAGE=/boot/vmlinuz-4.15.0-132-generic root=LABEL=cloudimg-rootfs ro console=tty1 console=ttyS0
[    0.000000] Memory: 983024K/1048120K available (12300K kernel code, 2482K rwdata, 4276K rodata, 2440K init, 2724K bss, 65096K reserved, 0K cma-reserved)
[    0.000000] SLUB: HWalign=64, Order=0-3, MinObjects=0, CPUs=2, Nodes=1
[    0.000000] Kernel/User page tables isolation: enabled
[    0.000000] ftrace: allocating 39421 entries in 154 pages
[    0.004000] Hierarchical RCU implementation.
[    0.004000] 	RCU restricting CPUs from NR_CPUS=8192 to nr_cpu_ids=2.
[    0.004000] 	Tasks RCU enabled.
[    0.004000] RCU: Adjusting geometry for rcu_fanout_leaf=16, nr_cpu_ids=2
[    0.004000] NR_IRQS: 524544, nr_irqs: 440, preallocated irqs: 16
[    0.004000] Console: colour VGA+ 80x25
[    0.004000] console [tty1] enabled
[    0.004000] console [ttyS0] enabled
[    0.004000] ACPI: Core revision 20170831
[    0.004000] ACPI: 2 ACPI AML tables successfully acquired and loaded
[    0.004000] APIC: Switch to symmetric I/O mode setup
[    0.004000] x2apic enabled
[    0.004008] Switched APIC routing to physical x2apic.
[    0.007286] ..TIMER: vector=0x30 apic1=0 pin1=2 apic2=-1 pin2=-1
[    0.008004] tsc: Detected 1800.000 MHz processor
[    0.009348] Calibrating delay loop (skipped) preset value.. 3600.00 BogoMIPS (lpj=7200000)
[    0.012003] pid_max: default: 32768 minimum: 301
[    0.013189] Security Framework initialized
[    0.014228] Yama: becoming mindful.
[    0.015147] AppArmor: AppArmor initialized
[    0.017789] Dentry cache hash table entries: 131072 (order: 8, 1048576 bytes)
[    0.020095] Inode-cache hash table entries: 65536 (order: 7, 524288 bytes)
[    0.022597] Mount-cache hash table entries: 2048 (order: 2, 16384 bytes)
[    0.024008] Mountpoint-cache hash table entries: 2048 (order: 2, 16384 bytes)
[    0.026001] Last level iTLB entries: 4KB 64, 2MB 8, 4MB 8
[    0.028002] Last level dTLB entries: 4KB 64, 2MB 0, 4MB 0, 1GB 4
[    0.029463] Spectre V1 : Mitigation: usercopy/swapgs barriers and __user pointer sanitization
[    0.032002] Spectre V2 : Mitigation: Full generic retpoline
[    0.033358] Spectre V2 : Spectre v2 / SpectreRSB mitigation: Filling RSB on context switch
[    0.035529] Speculative Store Bypass: Vulnerable
[    0.036050] SRBDS: Unknown: Dependent on hypervisor status
[    0.037585] MDS: Mitigation: Clear CPU buffers
[    0.040163] Freeing SMP alternatives memory: 36K
[    0.152122] smpboot: CPU0: Intel(R) Core(TM) i5-5350U CPU @ 1.80GHz (family: 0x6, model: 0x3d, stepping: 0x4)
[    0.155039] Performance Events: unsupported p6 CPU model 61 no PMU driver, software events only.
[    0.156038] Hierarchical SRCU implementation.
[    0.157849] NMI watchdog: Perf event create on CPU 0 failed with -2
[    0.160003] NMI watchdog: Perf NMI watchdog permanently disabled
[    0.161799] smp: Bringing up secondary CPUs ...
[    0.164093] x86: Booting SMP configuration:
[    0.165160] .... node  #0, CPUs:      #1
[    0.004000] kvm-clock: cpu 1, msr 0:3ff44041, secondary cpu clock
[    0.170295] smp: Brought up 1 node, 2 CPUs
[    0.170295] smpboot: Max logical packages: 1
[    0.172006] smpboot: Total of 2 processors activated (7200.00 BogoMIPS)
[    0.173965] devtmpfs: initialized
[    0.176055] x86/mm: Memory block size: 128MB
[    0.177410] evm: security.selinux
[    0.178297] evm: security.SMACK64
[    0.179266] evm: security.SMACK64EXEC
[    0.180007] evm: security.SMACK64TRANSMUTE
[    0.181037] evm: security.SMACK64MMAP
[    0.181995] evm: security.apparmor
[    0.182968] evm: security.ima
[    0.184004] evm: security.capability
[    0.185111] clocksource: jiffies: mask: 0xffffffff max_cycles: 0xffffffff, max_idle_ns: 7645041785100000 ns
[    0.188017] futex hash table entries: 512 (order: 3, 32768 bytes)
[    0.191207] pinctrl core: initialized pinctrl subsystem
[    0.192130] RTC time: 16:12:10, date: 02/01/21
[    0.193412] NET: Registered protocol family 16
[    0.194608] audit: initializing netlink subsys (disabled)
[    0.196043] audit: type=2000 audit(1612195937.514:1): state=initialized audit_enabled=0 res=1
[    0.200032] cpuidle: using governor ladder
[    0.201267] cpuidle: using governor menu
[    0.202632] ACPI: bus type PCI registered
[    0.204004] acpiphp: ACPI Hot Plug PCI Controller Driver version: 0.5
[    0.205702] PCI: Using configuration type 1 for base access
[    0.208771] HugeTLB registered 2.00 MiB page size, pre-allocated 0 pages
[    0.210004] ACPI: Added _OSI(Module Device)
[    0.212004] ACPI: Added _OSI(Processor Device)
[    0.213481] ACPI: Added _OSI(3.0 _SCP Extensions)
[    0.214940] ACPI: Added _OSI(Processor Aggregator Device)
[    0.216007] ACPI: Added _OSI(Linux-Dell-Video)
[    0.217125] ACPI: Added _OSI(Linux-Lenovo-NV-HDMI-Audio)
[    0.218556] ACPI: Added _OSI(Linux-HPI-Hybrid-Graphics)
[    0.220467] ACPI: Executed 1 blocks of module-level executable AML code
[    0.226368] ACPI: Interpreter enabled
[    0.228014] ACPI: (supports S0 S5)
[    0.229148] ACPI: Using IOAPIC for interrupt routing
[    0.230803] PCI: Using host bridge windows from ACPI; if necessary, use "pci=nocrs" and report a bug
[    0.232236] ACPI: Enabled 2 GPEs in block 00 to 07
[    0.242906] ACPI: PCI Root Bridge [PCI0] (domain 0000 [bus 00-ff])
[    0.244010] acpi PNP0A03:00: _OSC: OS supports [ASPM ClockPM Segments MSI]
[    0.246390] acpi PNP0A03:00: _OSC: not requesting OS control; OS requires [ExtendedConfig ASPM ClockPM MSI]
[    0.248024] acpi PNP0A03:00: fail to add MMCONFIG information, can't access extended PCI configuration space under this bridge.
[    0.252644] PCI host bridge to bus 0000:00
[    0.254238] pci_bus 0000:00: root bus resource [io  0x0000-0x0cf7 window]
[    0.256005] pci_bus 0000:00: root bus resource [io  0x0d00-0xffff window]
[    0.258189] pci_bus 0000:00: root bus resource [mem 0x000a0000-0x000bffff window]
[    0.260006] pci_bus 0000:00: root bus resource [mem 0x40000000-0xfdffffff window]
[    0.261923] pci_bus 0000:00: root bus resource [bus 00-ff]
[    0.268139] pci 0000:00:01.1: legacy IDE quirk: reg 0x10: [io  0x01f0-0x01f7]
[    0.270101] pci 0000:00:01.1: legacy IDE quirk: reg 0x14: [io  0x03f6]
[    0.272000] pci 0000:00:01.1: legacy IDE quirk: reg 0x18: [io  0x0170-0x0177]
[    0.272004] pci 0000:00:01.1: legacy IDE quirk: reg 0x1c: [io  0x0376]
[    0.304708] pci 0000:00:07.0: quirk: [io  0x4000-0x403f] claimed by PIIX4 ACPI
[    0.306699] pci 0000:00:07.0: quirk: [io  0x4100-0x410f] claimed by PIIX4 SMB
[    0.319016] ACPI: PCI Interrupt Link [LNKA] (IRQs 5 9 10 *11)
[    0.320543] ACPI: PCI Interrupt Link [LNKB] (IRQs 5 9 *10 11)
[    0.324402] ACPI: PCI Interrupt Link [LNKC] (IRQs 5 *9 10 11)
[    0.328432] ACPI: PCI Interrupt Link [LNKD] (IRQs 5 9 10 *11)
[    0.332178] SCSI subsystem initialized
[    0.334311] pci 0000:00:02.0: vgaarb: setting as boot VGA device
[    0.335239] pci 0000:00:02.0: vgaarb: VGA device added: decodes=io+mem,owns=io+mem,locks=none
[    0.336012] pci 0000:00:02.0: vgaarb: bridge control possible
[    0.340048] vgaarb: loaded
[    0.341644] ACPI: bus type USB registered
[    0.344065] usbcore: registered new interface driver usbfs
[    0.348042] usbcore: registered new interface driver hub
[    0.350727] usbcore: registered new device driver usb
[    0.352232] EDAC MC: Ver: 3.0.0
[    0.357076] PCI: Using ACPI for IRQ routing
[    0.360907] NetLabel: Initializing
[    0.362840] NetLabel:  domain hash size = 128
[    0.364006] NetLabel:  protocols = UNLABELED CIPSOv4 CALIPSO
[    0.368033] NetLabel:  unlabeled traffic allowed by default
[    0.370935] clocksource: Switched to clocksource kvm-clock
[    0.396654] VFS: Disk quotas dquot_6.6.0
[    0.398712] VFS: Dquot-cache hash table entries: 512 (order 0, 4096 bytes)
[    0.400882] AppArmor: AppArmor Filesystem Enabled
[    0.402203] pnp: PnP ACPI init
[    0.405237] pnp: PnP ACPI: found 3 devices
[    0.419401] clocksource: acpi_pm: mask: 0xffffff max_cycles: 0xffffff, max_idle_ns: 2085701024 ns
[    0.422182] NET: Registered protocol family 2
[    0.423533] TCP established hash table entries: 8192 (order: 4, 65536 bytes)
[    0.425461] TCP bind hash table entries: 8192 (order: 5, 131072 bytes)
[    0.429243] TCP: Hash tables configured (established 8192 bind 8192)
[    0.431874] UDP hash table entries: 512 (order: 2, 16384 bytes)
[    0.433587] UDP-Lite hash table entries: 512 (order: 2, 16384 bytes)
[    0.435176] NET: Registered protocol family 1
[    0.437441] pci 0000:00:00.0: Limiting direct PCI/PCI transfers
[    0.440847] pci 0000:00:01.0: Activating ISA DMA hang workarounds
[    0.446686] pci 0000:00:02.0: Video device with shadowed ROM at [mem 0x000c0000-0x000dffff]
[    0.451132] Unpacking initramfs...
[    0.781414] Freeing initrd memory: 19220K
[    0.782882] clocksource: tsc: mask: 0xffffffffffffffff max_cycles: 0x19f2297dd97, max_idle_ns: 440795236593 ns
[    0.785896] platform rtc_cmos: registered platform RTC device (no PNP device found)
[    0.788207] Scanning for low memory corruption every 60 seconds
[    0.790575] Initialise system trusted keyrings
[    0.791737] Key type blacklist registered
[    0.792936] workingset: timestamp_bits=36 max_order=18 bucket_order=0
[    0.795930] zbud: loaded
[    0.797683] squashfs: version 4.0 (2009/01/31) Phillip Lougher
[    0.799751] fuse init (API version 7.26)
[    0.803803] Key type asymmetric registered
[    0.805137] Asymmetric key parser 'x509' registered
[    0.806753] Block layer SCSI generic (bsg) driver version 0.4 loaded (major 246)
[    0.808790] io scheduler noop registered
[    0.809821] io scheduler deadline registered
[    0.810942] io scheduler cfq registered (default)
[    0.812808] ACPI: AC Adapter [AC] (off-line)
[    0.813983] input: Power Button as /devices/LNXSYSTM:00/LNXPWRBN:00/input/input0
[    0.815874] ACPI: Power Button [PWRF]
[    0.817091] input: Sleep Button as /devices/LNXSYSTM:00/LNXSLPBN:00/input/input1
[    0.818947] ACPI: Sleep Button [SLPF]
[    0.820240] Serial: 8250/16550 driver, 32 ports, IRQ sharing enabled
[    0.821800] ACPI: Battery Slot [BAT0] (battery present)
[    0.844675] 00:02: ttyS0 at I/O 0x3f8 (irq = 4, base_baud = 115200) is a 16550A
[    0.848232] Linux agpgart interface v0.103
[    0.850794] loop: module loaded
[    0.852691] scsi host0: ata_piix
[    0.854049] scsi host1: ata_piix
[    0.855107] ata1: PATA max UDMA/33 cmd 0x1f0 ctl 0x3f6 bmdma 0xd000 irq 14
[    0.857100] ata2: PATA max UDMA/33 cmd 0x170 ctl 0x376 bmdma 0xd008 irq 15
[    0.859499] libphy: Fixed MDIO Bus: probed
[    0.860659] tun: Universal TUN/TAP device driver, 1.6
[    0.862090] PPP generic driver version 2.4.2
[    0.863215] ehci_hcd: USB 2.0 'Enhanced' Host Controller (EHCI) Driver
[    0.864845] ehci-pci: EHCI PCI platform driver
[    0.866237] ehci-platform: EHCI generic platform driver
[    0.867543] ohci_hcd: USB 1.1 'Open' Host Controller (OHCI) Driver
[    0.869129] ohci-pci: OHCI PCI platform driver
[    0.870276] ohci-platform: OHCI generic platform driver
[    0.871858] uhci_hcd: USB Universal Host Controller Interface driver
[    0.873498] i8042: PNP: PS/2 Controller [PNP0303:PS2K,PNP0f03:PS2M] at 0x60,0x64 irq 1,12
[    0.876087] serio: i8042 KBD port at 0x60,0x64 irq 1
[    0.877456] serio: i8042 AUX port at 0x60,0x64 irq 12
[    0.878808] mousedev: PS/2 mouse device common for all mice
[    0.880622] input: AT Translated Set 2 keyboard as /devices/platform/i8042/serio0/input/input2
[    0.883194] rtc_cmos rtc_cmos: rtc core: registered rtc_cmos as rtc0
[    0.884871] rtc_cmos rtc_cmos: alarms up to one day, 114 bytes nvram
[    0.886573] i2c /dev entries driver
[    0.887537] device-mapper: uevent: version 1.0.3
[    0.888835] device-mapper: ioctl: 4.37.0-ioctl (2017-09-20) initialised: dm-devel@redhat.com
[    0.891778] ledtrig-cpu: registered to indicate activity on CPUs
[    0.894082] NET: Registered protocol family 10
[    0.899847] Segment Routing with IPv6
[    0.900951] NET: Registered protocol family 17
[    0.902186] Key type dns_resolver registered
[    0.903525] mce: Using 0 MCE banks
[    0.904506] RAS: Correctable Errors collector initialized.
[    0.905877] sched_clock: Marking stable (904485652, 0)->(1118000511, -213514859)
[    0.908665] registered taskstats version 1
[    0.909956] Loading compiled-in X.509 certificates
[    0.913988] Loaded X.509 cert 'Build time autogenerated kernel key: a98b2ffd047997e948f693688a19fea0dd669537'
[    0.916477] zswap: loaded using pool lzo/zbud
[    0.921878] Key type big_key registered
[    0.922953] Key type trusted registered
[    0.926712] Key type encrypted registered
[    0.927994] AppArmor: AppArmor sha1 policy hashing enabled
[    0.929574] ima: No TPM chip found, activating TPM-bypass! (rc=-19)
[    0.931278] ima: Allocated hash algorithm: sha1
[    0.932480] evm: HMAC attrs: 0x1
[    0.933640]   Magic number: 9:912:235
[    0.934937] rtc_cmos rtc_cmos: setting system clock to 2021-02-01 16:12:11 UTC (1612195931)
[    0.937333] BIOS EDD facility v0.16 2004-Jun-25, 0 devices found
[    0.939208] EDD information not available.
[    1.046723] Freeing unused kernel image memory: 2440K
[    1.060803] Write protecting the kernel read-only data: 20480k
[    1.065804] Freeing unused kernel image memory: 2008K
[    1.068211] Freeing unused kernel image memory: 1868K
[    1.076852] x86/mm: Checked W+X mappings: passed, no W+X pages found.
[    1.078780] x86/mm: Checking user space page tables
[    1.086439] x86/mm: Checked W+X mappings: passed, no W+X pages found.
Loading, please wait...
starting version 237
[    1.158594] e1000: Intel(R) PRO/1000 Network Driver - version 7.3.21-k8-NAPI
[    1.160472] e1000: Copyright (c) 1999-2006 Intel Corporation.
[    1.169556] Fusion MPT base driver 3.04.20
[    1.170679] Copyright (c) 1999-2008 LSI Corporation
[    1.183942] Fusion MPT SPI Host driver 3.04.20
[    1.202726] AVX2 version of gcm_enc/dec engaged.
[    1.204062] AES CTR mode by8 optimization enabled
[    1.377525] input: ImExPS/2 Generic Explorer Mouse as /devices/platform/i8042/serio1/input/input4
[    1.643549] e1000 0000:00:03.0 eth0: (PCI:33MHz:32-bit) 02:1d:a1:81:8c:fd
[    1.645598] e1000 0000:00:03.0 eth0: Intel(R) PRO/1000 Network Connection
[    1.650805] e1000 0000:00:03.0 enp0s3: renamed from eth0
[    1.652137] mptbase: ioc0: Initiating bringup
[    1.757702] ioc0: LSI53C1030 A0: Capabilities={Initiator}
[    2.021023] scsi host2: ioc0: LSI53C1030 A0, FwRev=00000000h, Ports=1, MaxQ=256, IRQ=20
[    2.190005] scsi 2:0:0:0: Direct-Access     VBOX     HARDDISK         1.0  PQ: 0 ANSI: 5
[    2.444056] scsi target2:0:0: Beginning Domain Validation
[    2.449099] scsi target2:0:0: Domain Validation skipping write tests
[    2.450959] scsi target2:0:0: Ending Domain Validation
[    2.452479] scsi target2:0:0: asynchronous
[    2.453935] scsi 2:0:1:0: Direct-Access     VBOX     HARDDISK         1.0  PQ: 0 ANSI: 5
[    3.088678] scsi target2:0:1: Beginning Domain Validation
[    3.092831] random: fast init done
[    3.094116] scsi target2:0:1: Domain Validation skipping write tests
[    3.095668] scsi target2:0:1: Ending Domain Validation
[    3.097071] scsi target2:0:1: asynchronous
[    3.102867] random: systemd-udevd: uninitialized urandom read (16 bytes read)
[    3.103008] sd 2:0:0:0: Attached scsi generic sg0 type 0
[    3.105378] random: systemd-udevd: uninitialized urandom read (16 bytes read)
[    3.106955] sd 2:0:0:0: [sda] 83886080 512-byte logical blocks: (42.9 GB/40.0 GiB)
[    3.109212] random: systemd-udevd: uninitialized urandom read (16 bytes read)
[    3.111226] sd 2:0:0:0: [sda] Write Protect is off
[    3.114936] sd 2:0:1:0: Attached scsi generic sg1 type 0
[    3.115012] sd 2:0:0:0: [sda] Incomplete mode parameter data
[    3.118598] sd 2:0:0:0: [sda] Assuming drive cache: write through
[    3.121726] sd 2:0:1:0: [sdb] 20480 512-byte logical blocks: (10.5 MB/10.0 MiB)
[    3.124209] sd 2:0:1:0: [sdb] Write Protect is off
[    3.125687] sd 2:0:1:0: [sdb] Incomplete mode parameter data
[    3.127459] sd 2:0:1:0: [sdb] Assuming drive cache: write through
[    3.132690]  sda: sda1
[    3.133755] sd 2:0:1:0: [sdb] Attached SCSI disk
[    3.136763] sd 2:0:0:0: [sda] Attached SCSI disk
Begin: Loading essential drivers ... [    4.715753] raid6: sse2x1   gen() 10281 MB/s
[    4.764423] raid6: sse2x1   xor()  6094 MB/s
[    4.815500] raid6: sse2x2   gen() 11016 MB/s
[    4.864172] raid6: sse2x2   xor()  2775 MB/s
[    4.912551] raid6: sse2x4   gen()  7322 MB/s
[    4.965637] raid6: sse2x4   xor()  8417 MB/s
[    5.015376] raid6: avx2x1   gen() 19680 MB/s
[    5.064197] raid6: avx2x1   xor()  8846 MB/s
[    5.112059] raid6: avx2x2   gen() 19113 MB/s
[    5.166305] raid6: avx2x2   xor() 14276 MB/s
[    5.216346] raid6: avx2x4   gen() 26841 MB/s
[    5.265842] raid6: avx2x4   xor() 15582 MB/s
[    5.267139] raid6: using algorithm avx2x4 gen() 26841 MB/s
[    5.268813] raid6: .... xor() 15582 MB/s, rmw enabled
[    5.270069] raid6: using avx2x2 recovery algorithm
[    5.272773] xor: automatically using best checksumming function   avx       
[    5.276541] async_tx: api initialized (async)
done.
Begin: Running /scripts/init-premount ... done.
Begin: Mounting root file system ... Begin: Running /scripts/local-top ... done.
Begin: Running /scripts/local-premount ... [    5.330063] Btrfs loaded, crc32c=crc32c-intel
Scanning for Btrfs filesystems
done.
Warning: fsck not present, so skipping root file system
[    5.387884] EXT4-fs (sda1): mounted filesystem with ordered data mode. Opts: (null)
done.
Begin: Running /scripts/local-bottom ... done.
Begin: Running /scripts/init-bottom ... done.
[    5.776146] ip_tables: (C) 2000-2006 Netfilter Core Team
[    5.802351] systemd[1]: systemd 237 running in system mode. (+PAM +AUDIT +SELINUX +IMA +APPARMOR +SMACK +SYSVINIT +UTMP +LIBCRYPTSETUP +GCRYPT +GNUTLS +ACL +XZ +LZ4 +SECCOMP +BLKID +ELFUTILS +KMOD -IDN2 +IDN -PCRE2 default-hierarchy=hybrid)
[    5.808730] systemd[1]: Detected virtualization oracle.
[    5.810047] systemd[1]: Detected architecture x86-64.

Welcome to [1mUbuntu 18.04.5 LTS[0m!

[    5.818032] systemd[1]: Set hostname to <ubuntu>.
[    5.827707] systemd[1]: Initializing machine ID from random generator.
[    5.829644] systemd[1]: Installed transient /etc/machine-id file.
[    6.512368] systemd[1]: Reached target User and Group Name Lookups.
[[0;32m  OK  [0m] Reached target User and Group Name Lookups.
[    6.516868] systemd[1]: Reached target Swap.
[[0;32m  OK  [0m] Reached target Swap.
[    6.519328] systemd[1]: Set up automount Arbitrary Executable File Formats File System Automount Point.
[[0;32m  OK  [0m] Set up automount Arbitrary Executabâ€¦rmats File System Automount Point.
[    6.795734] systemd[1]: Started Forward Password Requests to Wall Directory Watch.
[[0;32m  OK  [0m] Started Forward Password Requests to Wall Directory Watch.
[[0;32m  OK  [0m] Created slice User and Session Slice.
[[0;32m  OK  [0m] Created slice System Slice.
[[0;32m  OK  [0m] Listening on Journal Socket (/dev/log).
[[0;32m  OK  [0m] Listening on Journal Audit Socket.
[[0;32m  OK  [0m] Listening on udev Kernel Socket.
[[0;32m  OK  [0m] Listening on LVM2 poll daemon socket.
[[0;32m  OK  [0m] Listening on Journal Socket.
         Mounting Huge Pages File System...
[[0;32m  OK  [0m] Reached target Slices.
         Starting Uncomplicated firewall...
[[0;32m  OK  [0m] Listening on udev Control Socket.
         Starting udev Coldplug all Devices...
         Starting Load Kernel Modules...
         Mounting POSIX Message Queue File System...
         Starting Set the console keyboard layout...
         Starting Remount Root and Kernel File Systems...
         Mounting Kernel Debug File System...
[[0;32m  OK  [0m] Listening on LVM2 metadata daemon socket.
[[0;32m  OK  [0m] Listening on Syslog Socket.
         Starting Journal Service...
         Starting Create list of required stâ€¦ce nodes for the current kernel...
[[0;32m  OK  [0m] Created slice system-serial\x2dgetty.slice.
[[0;32m  OK  [0m] Listening on /dev/initctl Compatibility Named Pipe.
[[0;32m  OK  [0m] Listening on Device-mapper event daemon FIFOs.
[[0;32m  OK  [0m] Listening on Network Service Netlink Socket.
         Starting Monitoring of LVM2 mirrorsâ€¦ng dmeventd or progress polling...
[[0;32m  OK  [0m] Reached target System Time Synchronized.
[[0;32m  OK  [0m] Mounted Huge Pages File System.
[[0;32m  OK  [0m] Started Uncomplicated firewall.
[[0;32m  OK  [0m] Mounted POSIX Message Queue File System.
[[0;32m  OK  [0m] Mounted Kernel Debug File System.
[[0;32m  OK  [0m] Started Create list of required staâ€¦vice nodes for the current kernel.
         Starting Create Static Device Nodes in /dev...
[    6.941854] Loading iSCSI transport class v2.0-870.
[[0;32m  OK  [0m] Started Journal Service.
[[0;32m  OK  [0m] Started udev Coldplug all Devices.
[[0;32m  OK  [0m] Started LVM2 metadata daemon.
[    6.979264] EXT4-fs (sda1): re-mounted. Opts: (null)
[[0;32m  OK  [0m] Started Remount Root and Kernel File Systems.
         Starting Flush Journal to Persistent Storage...
[    7.036682] iscsi: registered transport (tcp)
[    7.069311] iscsi: registered transport (iser)
         Starting Load/Save Random Seed...
[[0;32m  OK  [0m] Started Load Kernel Modules.
[[0;32m  OK  [0m] Started Create Static Device Nodes in /dev.
         Starting udev Kernel Device Manager...
         Mounting FUSE Control File System...
         Starting Apply Kernel Variables...
         Mounting Kernel Configuration File System...
[[0;32m  OK  [0m] Mounted FUSE Control File System.
[[0;32m  OK  [0m] Mounted Kernel Configuration File System.
[    7.112516] systemd-journald[414]: Received request to flush runtime journal from PID 1
[[0;32m  OK  [0m] Started Load/Save Random Seed.
[[0;32m  OK  [0m] Started Monitoring of LVM2 mirrors,â€¦sing dmeventd or progress polling.
[[0;32m  OK  [0m] Started udev Kernel Device Manager.
[[0;32m  OK  [0m] Started Apply Kernel Variables.
[[0;32m  OK  [0m] Started Flush Journal to Persistent Storage.
[[0;32m  OK  [0m] Started Set the console keyboard layout.
[[0;32m  OK  [0m] Reached target Local File Systems (Pre).
[[0;32m  OK  [0m] Reached target Local File Systems.
         Starting Create Volatile Files and Directories...
         Starting Commit a transient machine-id on disk...
         Starting Set console font and keymap...
         Starting AppArmor initialization...
         Starting Tell Plymouth To Write Out Runtime Data...
         Starting ebtables ruleset management...
[[0;32m  OK  [0m] Started Dispatch Password Requests to Console Directory Watch.
[[0;32m  OK  [0m] Reached target Local Encrypted Volumes.
[[0;32m  OK  [0m] Started Set console font and keymap.
[[0;32m  OK  [0m] Started Create Volatile Files and Directories.
         Starting Update UTMP about System Boot/Shutdown...
[[0;32m  OK  [0m] Started Tell Plymouth To Write Out Runtime Data.
[[0;32m  OK  [0m] Started Update UTMP about System Boot/Shutdown.
[[0;32m  OK  [0m] Started Commit a transient machine-id on disk.
[[0;32m  OK  [0m] Started ebtables ruleset management.
[[0;32m  OK  [0m] Found device /dev/ttyS0.
[[0;32m  OK  [0m] Listening on Load/Save RF Kill Switch Status /dev/rfkill Watch.
[[0;32m  OK  [0m] Started AppArmor initialization.
         Starting Initial cloud-init job (pre-networking)...
         Starting Load AppArmor profiles managed internally by snapd...
[[0;32m  OK  [0m] Started Load AppArmor profiles managed internally by snapd.
[   10.482622] cloud-init[568]: Cloud-init v. 20.4.1-0ubuntu1~18.04.1 running 'init-local' at Mon, 01 Feb 2021 16:12:20 +0000. Up 10.00 seconds.
[[0;32m  OK  [0m] Started Initial cloud-init job (pre-networking).
[[0;32m  OK  [0m] Reached target Network (Pre).
         Starting Network Service...
[[0;32m  OK  [0m] Started Network Service.
         Starting Network Name Resolution...
         Starting Wait for Network to be Configured...
[[0;32m  OK  [0m] Started Network Name Resolution.
[[0;32m  OK  [0m] Reached target Host and Network Name Lookups.
[[0;32m  OK  [0m] Reached target Network.
[[0;32m  OK  [0m] Started Wait for Network to be Configured.
         Starting Initial cloud-init job (metadata service crawler)...
[   13.395556] cloud-init[681]: Cloud-init v. 20.4.1-0ubuntu1~18.04.1 running 'init' at Mon, 01 Feb 2021 16:12:23 +0000. Up 13.18 seconds.
[   13.400996] cloud-init[681]: ci-info: ++++++++++++++++++++++++++++++++++++++Net device info++++++++++++++++++++++++++++++++++++++
[   13.405291] cloud-init[681]: ci-info: +--------+------+----------------------------+---------------+--------+-------------------+
[   13.409807] cloud-init[681]: ci-info: | Device |  Up  |          Address           |      Mask     | Scope  |     Hw-Address    |
[   13.413903] cloud-init[681]: ci-info: +--------+------+----------------------------+---------------+--------+-------------------+
[   13.417971] cloud-init[681]: ci-info: | enp0s3 | True |         10.0.2.15          | 255.255.255.0 | global | 02:1d:a1:81:8c:fd |
[   13.422156] cloud-init[681]: ci-info: | enp0s3 | True | fe80::1d:a1ff:fe81:8cfd/64 |       .       |  link  | 02:1d:a1:81:8c:fd |
[   13.427081] cloud-init[681]: ci-info: |   lo   | True |         127.0.0.1          |   255.0.0.0   |  host  |         .         |
[   13.431443] cloud-init[681]: ci-info: |   lo   | True |          ::1/128           |       .       |  host  |         .         |
[   13.436090] cloud-init[681]: ci-info: +--------+------+----------------------------+---------------+--------+-------------------+
[   13.439917] cloud-init[681]: ci-info: ++++++++++++++++++++++++++++Route IPv4 info+++++++++++++++++++++++++++++
[   13.452723] cloud-init[681]: ci-info: +-------+-------------+----------+-----------------+-----------+-------+
[   13.456539] cloud-init[681]: ci-info: | Route | Destination | Gateway  |     Genmask     | Interface | Flags |
[   13.460917] cloud-init[681]: ci-info: +-------+-------------+----------+-----------------+-----------+-------+
[   13.467067] cloud-init[681]: ci-info: |   0   |   0.0.0.0   | 10.0.2.2 |     0.0.0.0     |   enp0s3  |   UG  |
[   13.480531] cloud-init[681]: ci-info: |   1   |   10.0.2.0  | 0.0.0.0  |  255.255.255.0  |   enp0s3  |   U   |
[   13.496866] cloud-init[681]: ci-info: |   2   |   10.0.2.2  | 0.0.0.0  | 255.255.255.255 |   enp0s3  |   UH  |
[   13.499704] cloud-init[681]: ci-info: +-------+-------------+----------+-----------------+-----------+-------+
[   13.503121] cloud-init[681]: ci-info: +++++++++++++++++++Route IPv6 info+++++++++++++++++++
[   13.506080] cloud-init[681]: ci-info: +-------+-------------+---------+-----------+-------+
[   13.509489] cloud-init[681]: ci-info: | Route | Destination | Gateway | Interface | Flags |
[   13.512164] cloud-init[681]: ci-info: +-------+-------------+---------+-----------+-------+
[   13.524527] cloud-init[681]: ci-info: |   1   |  fe80::/64  |    ::   |   enp0s3  |   U   |
[   13.527193] cloud-init[681]: ci-info: |   3   |    local    |    ::   |   enp0s3  |   U   |
[   13.529851] cloud-init[681]: ci-info: |   4   |   ff00::/8  |    ::   |   enp0s3  |   U   |
[   13.532194] cloud-init[681]: ci-info: +-------+-------------+---------+-----------+-------+
[   14.667096] cloud-init[681]: Generating public/private rsa key pair.
[   14.670022] cloud-init[681]: Your identification has been saved in /etc/ssh/ssh_host_rsa_key.
[   14.684594] cloud-init[681]: Your public key has been saved in /etc/ssh/ssh_host_rsa_key.pub.
[   14.687767] cloud-init[681]: The key fingerprint is:
[   14.689800] cloud-init[681]: SHA256:foYCnYFX7U+6bkqmTwbWbG6bL7Gf1EcfTW42Uvi2lzA root@ubuntu-bionic
[   14.693063] cloud-init[681]: The key's randomart image is:
[   14.695199] cloud-init[681]: +---[RSA 2048]----+
[   14.696841] cloud-init[681]: |        ..       |
[   14.698503] cloud-init[681]: |     . .  .   .  |
[   14.700789] cloud-init[681]: |    . o  .   . ..|
[   14.702697] cloud-init[681]: |     o =  . . oo.|
[   14.704652] cloud-init[681]: |    . = S  + E.==|
[   14.707148] cloud-init[681]: |     o =......=+=|
[   14.709170] cloud-init[681]: |      . Xo+.. .oo|
[   14.710992] cloud-init[681]: |       Oo*o. .  .|
[   14.713777] cloud-init[681]: |      ..=B=      |
[   14.715974] cloud-init[681]: +----[SHA256]-----+
[   14.728781] cloud-init[681]: Generating public/private dsa key pair.
[   14.731569] cloud-init[681]: Your identification has been saved in /etc/ssh/ssh_host_dsa_key.
[   14.735557] cloud-init[681]: Your public key has been saved in /etc/ssh/ssh_host_dsa_key.pub.
[   14.739450] cloud-init[681]: The key fingerprint is:
[   14.742255] cloud-init[681]: SHA256:gslgK5HB8IXWzA7BFYG2YEmrmuWQyRZi2CYnxpm3zt8 root@ubuntu-bionic
[   14.746190] cloud-init[681]: The key's randomart image is:
[   14.749556] cloud-init[681]: +---[DSA 1024]----+
[   14.751917] cloud-init[681]: |*ooO=o           |
[   14.753677] cloud-init[681]: |+O@.+            |
[   14.756031] cloud-init[681]: |O%B=             |
[   14.759219] cloud-init[681]: |*X++oo           |
[   14.762342] cloud-init[681]: |*oo.+ . S        |
[   14.764685] cloud-init[681]: |o*o    .         |
[   14.766772] cloud-init[681]: |o .o             |
[   14.768973] cloud-init[681]: |    . .          |
[   14.771166] cloud-init[681]: |     . E         |
[   14.774035] cloud-init[681]: +----[SHA256]-----+
[   14.777574] cloud-init[681]: Generating public/private ecdsa key pair.
[   14.780827] cloud-init[681]: Your identification has been saved in /etc/ssh/ssh_host_ecdsa_key.
[[0;32m  OK  [0m] Started Initial cloud-init job (metadata service crawler).
[[0;32m  OK  [0m] Reached target Cloud-config availability.
[[0;32m  OK  [0m] Reached target Network is Online.[   14.784884] cloud-init[681]: Your public key has been saved in /etc/ssh/ssh_host_ecdsa_key.pub.
[   14.794097] cloud-init[681]: The key fingerprint is:
[   14.794444] cloud-init[681]: SHA256:d/SoZTX0SZFTZoDV1MvwoAbxfHo4qoloNPBjyRobE5o root@ubuntu-bionic
[   14.794806] cloud-init[681]: The key's randomart image is:
[   14.797932] cloud-init[681]: +---[ECDSA 256]---+

[   14.802542] cloud-init[681]: |         ..  o+*X|
[   14.806133] cloud-init[681]: |         .o .+.*+|
[   14.808509] cloud-init[681]: |          .oo.B.+|
[   14.810386] cloud-init[681]: | o         +++ = |
[   14.812556] cloud-init[681]: |..= .   S o+=..  |
[   14.814426] cloud-init[681]: |E+ O     ..=o    |
[   14.815720] cloud-init[681]: |  O o    ..      |
[   14.817026] cloud-init[681]: | o .. . o        |
[   14.818257] cloud-init[681]: |  .. . o         |
[   14.819513] cloud-init[681]: +----[SHA256]-----+
[   14.820804] cloud-init[681]: Generating public/private ed25519 key pair.
         Starting Availability of block devices...[   14.822463] cloud-init[681]: Your identification has been saved in /etc/ssh/ssh_host_ed25519_key.
[   14.823789] 
cloud-init[681]: Your public key has been saved in /etc/ssh/ssh_host_ed25519_key.pub.
[[   14.830459] cloud-init[681]: The key fingerprint is:
[   14.830576] cloud-init[681]: SHA256:nJMuGVatuIbysi6/DCPyF4nwHuRza+Jt71D5KpV7ViU root@ubuntu-bionic
[   14.833533] cloud-init[681]: The key's randomart image is:
[   14.834419] cloud-init[681]: +--[ED25519 256]--+
[0;32m  OK  [0m] Reached target Remote File Systems (Pre).
[[0;32m  OK  [0m] Reached target Remote File Systems.
[   14.836076] cloud-init[681]: |                 |
[   14.842679] cloud-init[681]: |         .       |
[   14.844363] cloud-init[681]: |        . .      |
[   14.845978] cloud-init[681]: |. .    = +E .    |
[   14.846132] cloud-init[681]: | = . .*.S  o     |
[   14.847455] cloud-init[681]: |  * ++o* ..      |
[   14.848719] cloud-init[681]: |=..+o+=.o.       |
[   14.850005] cloud-init[681]: |+=++*o.oo        |
[   14.851273] cloud-init[681]: | =OOo++o         |
[   14.852706] cloud-init[681]: +----[SHA256]-----+
[[0;32m  OK  [0m] Reached target System Initialization.
[[0;32m  OK  [0m] Started Daily Cleanup of Temporary Directories.
[[0;32m  OK  [0m] Started ACPI Events Check.
[[0;32m  OK  [0m] Listening on ACPID Listen Socket.
[[0;32m  OK  [0m] Listening on UUID daemon activation socket.
[[0;32m  OK  [0m] Listening on Open-iSCSI iscsid Socket.
[[0;32m  OK  [0m] Listening on D-Bus System Message Bus Socket.
[[0;32m  OK  [0m] Started Discard unused blocks once a week.
[[0;32m  OK  [0m] Started Message of the Day.
         Starting LXD - unix socket.
[[0;32m  OK  [0m] Started Daily apt download activities.
[[0;32m  OK  [0m] Started Daily apt upgrade and clean activities.
[[0;32m  OK  [0m] Reached target Timers.
[[0;32m  OK  [0m] Reached target Paths.
         Starting Socket activation for snappy daemon.
[[0;32m  OK  [0m] Started Availability of block devices.
[[0;32m  OK  [0m] Listening on LXD - unix socket.
[[0;32m  OK  [0m] Listening on Socket activation for snappy daemon.
[[0;32m  OK  [0m] Reached target Sockets.
[[0;32m  OK  [0m] Reached target Basic System.
[[0;32m  OK  [0m] Started FUSE filesystem for LXC.
         Starting LSB: Record successful boot for GRUB...
[[0;32m  OK  [0m] Started Regular background program processing daemon.
         Starting Virtualbox guest utils...
         Starting Pollinate to seed the pseudo random number generator...
[[0;32m  OK  [0m] Started irqbalance daemon.
         Starting System Logging Service...
         Starting Accounts Service...
         Starting LSB: automatic crash report generation...
         Starting Dispatcher daemon for systemd-networkd...
         Starting Snap Daemon...
         Starting Permit User Sessions...
         Starting LXD - container startup/shutdown...
[[0;32m  OK  [0m] Started D-Bus System Message Bus.
         Starting Login Service...
[[0;32m  OK  [0m] Started Deferred execution scheduler.
[[0;32m  OK  [0m] Started System Logging Service.
[[0;32m  OK  [0m] Started Permit User Sessions.
         Starting Terminate Plymouth Boot Screen...
         Starting Hold until boot process finishes up...
[[0;32m  OK  [0m] Started Terminate Plymouth Boot Screen.
[[0;32m  OK  [0m] Started Hold until boot process finishes up.
         Starting Set console scheme...
[[0;32m  OK  [0m] Started Serial Getty on ttyS0.
[[0;32m  OK  [0m] Started LXD - container startup/shutdown.
[[0;32m  OK  [0m] Started Set console scheme.
[[0;32m  OK  [0m] Started Login Service.
[[0;32m  OK  [0m] Started Unattended Upgrades Shutdown.
[[0;32m  OK  [0m] Created slice system-getty.slice.
[[0;32m  OK  [0m] Started Getty on tty1.
[[0;32m  OK  [0m] Reached target Login Prompts.
         Starting Authorization Manager...
[[0;32m  OK  [0m] Started LSB: Record successful boot for GRUB.
[[0;32m  OK  [0m] Started LSB: automatic crash report generation.
[[0;32m  OK  [0m] Started Authorization Manager.
[[0;32m  OK  [0m] Started Accounts Service.
[[0;32m  OK  [0m] Started Virtualbox guest utils.
[[0;32m  OK  [0m] Started Dispatcher daemon for systemd-networkd.
[[0;32m  OK  [0m] Started Snap Daemon.
         Starting Wait until snapd is fully seeded...

Ubuntu 18.04.5 LTS ubuntu-bionic ttyS0

ubuntu-bionic login: [   31.115017] cloud-init[1490]: Cloud-init v. 20.4.1-0ubuntu1~18.04.1 running 'modules:config' at Mon, 01 Feb 2021 16:12:40 +0000. Up 30.27 seconds.
ci-info: no authorized SSH keys fingerprints found for user ubuntu.
<14>Feb  1 16:12:42 ec2: 
<14>Feb  1 16:12:42 ec2: #############################################################
<14>Feb  1 16:12:42 ec2: -----BEGIN SSH HOST KEY FINGERPRINTS-----
<14>Feb  1 16:12:42 ec2: 1024 SHA256:gslgK5HB8IXWzA7BFYG2YEmrmuWQyRZi2CYnxpm3zt8 root@ubuntu-bionic (DSA)
<14>Feb  1 16:12:42 ec2: 256 SHA256:d/SoZTX0SZFTZoDV1MvwoAbxfHo4qoloNPBjyRobE5o root@ubuntu-bionic (ECDSA)
<14>Feb  1 16:12:42 ec2: 256 SHA256:nJMuGVatuIbysi6/DCPyF4nwHuRza+Jt71D5KpV7ViU root@ubuntu-bionic (ED25519)
<14>Feb  1 16:12:42 ec2: 2048 SHA256:foYCnYFX7U+6bkqmTwbWbG6bL7Gf1EcfTW42Uvi2lzA root@ubuntu-bionic (RSA)
<14>Feb  1 16:12:42 ec2: -----END SSH HOST KEY FINGERPRINTS-----
<14>Feb  1 16:12:42 ec2: #############################################################
-----BEGIN SSH HOST KEY KEYS-----
ecdsa-sha2-nistp256 AAAAE2VjZHNhLXNoYTItbmlzdHAyNTYAAAAIbmlzdHAyNTYAAABBBMaPwt1IuW9JlYAidRwRdRXArvgrSI/cz6OpQQwUqgTAsClrlQ4BqBq7oqTQBz9YJETEZKWrwtSMkgsAQgf3nO0= root@ubuntu-bionic
ssh-ed25519 AAAAC3NzaC1lZDI1NTE5AAAAIDRBH2nEHQMCjqS21z1nqUVW+NNNAqXrivxT6Ah1sER3 root@ubuntu-bionic
ssh-rsa AAAAB3NzaC1yc2EAAAADAQABAAABAQDF3eNAnqxyTzGr5hSCjytnSFV9CYHBMpa0Lh+4lz92SRh9vD7tX1d91YINmavg4kCUjxZ+D6WCqYIyOQeTtx+YBldgtVZ6CYDhPb//j4S1obMkKqv0EXpeIx7NEM7nd8Q4vNJBjxelygvd0xUwc0si6z+62mqQJFe9+4AhK34M4ColR3Ys0G7zBExAWG2f594IxJXobKf67Bxuu8RdC/DY3t5WZ/g/0ElDj3y1qAxgyz3Cw+htZyuR1tnLtOWINKQyTSbXLmS71XJecztbqR0H+LKkTjTCg+KUoAoQtf/bM1iwkguto76XxF8kylpr0dS4wxEJvZpQKsdGrblDnTg7 root@ubuntu-bionic
-----END SSH HOST KEY KEYS-----
[   32.178258] cloud-init[1589]: Cloud-init v. 20.4.1-0ubuntu1~18.04.1 running 'modules:final' at Mon, 01 Feb 2021 16:12:42 +0000. Up 31.88 seconds.
[   32.178344] cloud-init[1589]: ci-info: no authorized SSH keys fingerprints found for user ubuntu.
[   32.178391] cloud-init[1589]: Cloud-init v. 20.4.1-0ubuntu1~18.04.1 finished at Mon, 01 Feb 2021 16:12:42 +0000. Datasource DataSourceNoCloud [seed=/dev/sdb][dsmode=net].  Up 32.16 seconds
